main.c:83:5:_write	24	static
main.c:96:16:platform_write	48	static
main.c:101:16:platform_read	48	static
main.c:113:5:main	120	static
main.c:200:6:SystemClock_Config	96	static
main.c:245:13:MX_I2C1_Init	8	static
main.c:291:13:MX_USART2_UART_Init	8	static
main.c:326:13:MX_GPIO_Init	56	static
main.c:375:6:StartDefaultTask	16	static
main.c:393:6:StartVisualTask	24	static
main.c:429:6:StartAcceleroTask	48	static
main.c:495:6:HAL_TIM_PeriodElapsedCallback	16	static
main.c:512:6:Error_Handler	8	static
